c:\users\mxnkilmt\documents\github\zju_oil\mygui_docking\project1\project1\x64\debug\vc143.pdb
c:\users\mxnkilmt\documents\github\zju_oil\mygui_docking\project1\project1\x64\debug\vc143.idb
c:\users\mxnkilmt\documents\github\zju_oil\mygui_docking\project1\project1\x64\debug\pugixml.obj
c:\users\mxnkilmt\documents\github\zju_oil\mygui_docking\project1\project1\x64\debug\main.obj
c:\users\mxnkilmt\documents\github\zju_oil\mygui_docking\project1\project1\x64\debug\com.obj
c:\users\mxnkilmt\documents\github\zju_oil\mygui_docking\project1\project1\x64\debug\implot_items.obj
c:\users\mxnkilmt\documents\github\zju_oil\mygui_docking\project1\project1\x64\debug\implot_demo.obj
c:\users\mxnkilmt\documents\github\zju_oil\mygui_docking\project1\project1\x64\debug\implot.obj
c:\users\mxnkilmt\documents\github\zju_oil\mygui_docking\project1\project1\x64\debug\implot3d_meshes.obj
c:\users\mxnkilmt\documents\github\zju_oil\mygui_docking\project1\project1\x64\debug\implot3d_items.obj
c:\users\mxnkilmt\documents\github\zju_oil\mygui_docking\project1\project1\x64\debug\implot3d_demo.obj
c:\users\mxnkilmt\documents\github\zju_oil\mygui_docking\project1\project1\x64\debug\implot3d.obj
c:\users\mxnkilmt\documents\github\zju_oil\mygui_docking\project1\project1\x64\debug\imgui_widgets.obj
c:\users\mxnkilmt\documents\github\zju_oil\mygui_docking\project1\project1\x64\debug\imgui_tables.obj
c:\users\mxnkilmt\documents\github\zju_oil\mygui_docking\project1\project1\x64\debug\imgui_impl_win32.obj
c:\users\mxnkilmt\documents\github\zju_oil\mygui_docking\project1\project1\x64\debug\imgui_impl_opengl3.obj
c:\users\mxnkilmt\documents\github\zju_oil\mygui_docking\project1\project1\x64\debug\imgui_draw.obj
c:\users\mxnkilmt\documents\github\zju_oil\mygui_docking\project1\project1\x64\debug\imgui_demo.obj
c:\users\mxnkilmt\documents\github\zju_oil\mygui_docking\project1\project1\x64\debug\imgui.obj
c:\users\mxnkilmt\documents\github\zju_oil\mygui_docking\project1\project1\x64\debug\readfile.obj
c:\users\mxnkilmt\documents\github\zju_oil\mygui_docking\project1\project1\x64\debug\emafilter.obj
c:\users\mxnkilmt\documents\github\zju_oil\mygui_docking\project1\project1\x64\debug\data.obj
c:\users\mxnkilmt\documents\github\zju_oil\mygui_docking\project1\project1\x64\debug\xlsheet.obj
c:\users\mxnkilmt\documents\github\zju_oil\mygui_docking\project1\project1\x64\debug\xlsharedstrings.obj
c:\users\mxnkilmt\documents\github\zju_oil\mygui_docking\project1\project1\x64\debug\xlrowdata.obj
c:\users\mxnkilmt\documents\github\zju_oil\mygui_docking\project1\project1\x64\debug\xlrow.obj
c:\users\mxnkilmt\documents\github\zju_oil\mygui_docking\project1\project1\x64\debug\xlrelationships.obj
c:\users\mxnkilmt\documents\github\zju_oil\mygui_docking\project1\project1\x64\debug\xlproperties.obj
c:\users\mxnkilmt\documents\github\zju_oil\mygui_docking\project1\project1\x64\debug\xlmergecells.obj
c:\users\mxnkilmt\documents\github\zju_oil\mygui_docking\project1\project1\x64\debug\xlformula.obj
c:\users\mxnkilmt\documents\github\zju_oil\mygui_docking\project1\project1\x64\debug\xldrawing.obj
c:\users\mxnkilmt\documents\github\zju_oil\mygui_docking\project1\project1\x64\debug\xldocument.obj
c:\users\mxnkilmt\documents\github\zju_oil\mygui_docking\project1\project1\x64\debug\xldatetime.obj
c:\users\mxnkilmt\documents\github\zju_oil\mygui_docking\project1\project1\x64\debug\xlcontenttypes.obj
c:\users\mxnkilmt\documents\github\zju_oil\mygui_docking\project1\project1\x64\debug\xlcomments.obj
c:\users\mxnkilmt\documents\github\zju_oil\mygui_docking\project1\project1\x64\debug\xlcolumn.obj
c:\users\mxnkilmt\documents\github\zju_oil\mygui_docking\project1\project1\x64\debug\xlcolor.obj
c:\users\mxnkilmt\documents\github\zju_oil\mygui_docking\project1\project1\x64\debug\xlcellvalue.obj
c:\users\mxnkilmt\documents\github\zju_oil\mygui_docking\project1\project1\x64\debug\xlcellreference.obj
c:\users\mxnkilmt\documents\github\zju_oil\mygui_docking\project1\project1\x64\debug\xlcellrange.obj
c:\users\mxnkilmt\documents\github\zju_oil\mygui_docking\project1\project1\x64\debug\xlcelliterator.obj
c:\users\mxnkilmt\documents\github\zju_oil\mygui_docking\project1\project1\x64\debug\xlcell.obj
c:\users\mxnkilmt\documents\github\zju_oil\mygui_docking\project1\project1\x64\debug\sheetdata.obj
c:\users\mxnkilmt\documents\github\zju_oil\mygui_docking\project1\project1\x64\debug\plot3dwindow.obj
c:\users\mxnkilmt\documents\github\zju_oil\mygui_docking\project1\project1\x64\debug\collectdata.obj
c:\users\mxnkilmt\documents\github\zju_oil\mygui_docking\project1\project1\x64\debug\xlziparchive.obj
c:\users\mxnkilmt\documents\github\zju_oil\mygui_docking\project1\project1\x64\debug\xlxmlparser.obj
c:\users\mxnkilmt\documents\github\zju_oil\mygui_docking\project1\project1\x64\debug\xlxmlfile.obj
c:\users\mxnkilmt\documents\github\zju_oil\mygui_docking\project1\project1\x64\debug\xlxmldata.obj
c:\users\mxnkilmt\documents\github\zju_oil\mygui_docking\project1\project1\x64\debug\xlworkbook.obj
c:\users\mxnkilmt\documents\github\zju_oil\mygui_docking\project1\project1\x64\debug\xltables.obj
c:\users\mxnkilmt\documents\github\zju_oil\mygui_docking\project1\project1\x64\debug\xlstyles.obj
c:\users\mxnkilmt\documents\github\zju_oil\mygui_docking\project1\project1\x64\debug\bsqjnparser.obj
c:\users\mxnkilmt\documents\github\zju_oil\mygui_docking\project1\project1\x64\debug\amtparser.obj
c:\users\mxnkilmt\documents\github\zju_oil\mygui_docking\project1\project1\x64\debug\wit_c_sdk.obj
c:\users\mxnkilmt\documents\github\zju_oil\mygui_docking\project1\x64\debug\project1.pdb
c:\users\mxnkilmt\documents\github\zju_oil\mygui_docking\project1\project1\x64\debug\project1.tlog\cl.command.1.tlog
c:\users\mxnkilmt\documents\github\zju_oil\mygui_docking\project1\project1\x64\debug\project1.tlog\cl.items.tlog
c:\users\mxnkilmt\documents\github\zju_oil\mygui_docking\project1\project1\x64\debug\project1.tlog\cl.read.1.tlog
c:\users\mxnkilmt\documents\github\zju_oil\mygui_docking\project1\project1\x64\debug\project1.tlog\cl.write.1.tlog
c:\users\mxnkilmt\documents\github\zju_oil\mygui_docking\project1\project1\x64\debug\project1.tlog\link-cvtres.read.1.tlog
c:\users\mxnkilmt\documents\github\zju_oil\mygui_docking\project1\project1\x64\debug\project1.tlog\link-cvtres.write.1.tlog
c:\users\mxnkilmt\documents\github\zju_oil\mygui_docking\project1\project1\x64\debug\project1.tlog\link-rc.read.1.tlog
c:\users\mxnkilmt\documents\github\zju_oil\mygui_docking\project1\project1\x64\debug\project1.tlog\link-rc.write.1.tlog
c:\users\mxnkilmt\documents\github\zju_oil\mygui_docking\project1\project1\x64\debug\project1.tlog\link.command.1.tlog
c:\users\mxnkilmt\documents\github\zju_oil\mygui_docking\project1\project1\x64\debug\project1.tlog\link.read.1.tlog
c:\users\mxnkilmt\documents\github\zju_oil\mygui_docking\project1\project1\x64\debug\project1.tlog\link.read.2.tlog
c:\users\mxnkilmt\documents\github\zju_oil\mygui_docking\project1\project1\x64\debug\project1.tlog\link.read.3.tlog
c:\users\mxnkilmt\documents\github\zju_oil\mygui_docking\project1\project1\x64\debug\project1.tlog\link.read.4.tlog
c:\users\mxnkilmt\documents\github\zju_oil\mygui_docking\project1\project1\x64\debug\project1.tlog\link.secondary.1.tlog
c:\users\mxnkilmt\documents\github\zju_oil\mygui_docking\project1\project1\x64\debug\project1.tlog\link.write.1.tlog
