  Com.cpp
  pugixml.cpp
  CollectData.cpp
  Data.cpp
  ReadFile.cpp
C:\Users\mxnkilmt\Documents\GitHub\ZJU_Oil\mygui_docking\Project1\Project1\OpenXLSX\headers\XLCellValue.hpp(87,53): warning C4244: “return”: 从“int64_t”转换到“double”，可能丢失数据
  (编译源文件“file/ReadFile.cpp”)
  
C:\Users\mxnkilmt\Documents\GitHub\ZJU_Oil\mygui_docking\Project1\Project1\OpenXLSX\headers\XLSharedStrings.hpp(136,65): warning C4267: “return”: 从“size_t”转换到“int32_t”，可能丢失数据
  (编译源文件“file/ReadFile.cpp”)
  
C:\Users\mxnkilmt\Documents\GitHub\ZJU_Oil\mygui_docking\Project1\Project1\file\ReadFile.cpp(61,26): warning C4267: “参数”: 从“size_t”转换到“uint32_t”，可能丢失数据
C:\Users\mxnkilmt\Documents\GitHub\ZJU_Oil\mygui_docking\Project1\Project1\file\ReadFile.cpp(67,34): warning C4267: “参数”: 从“size_t”转换到“uint32_t”，可能丢失数据
C:\Users\mxnkilmt\Documents\GitHub\ZJU_Oil\mygui_docking\Project1\Project1\file\ReadFile.cpp(68,34): warning C4267: “参数”: 从“size_t”转换到“uint32_t”，可能丢失数据
C:\Users\mxnkilmt\Documents\GitHub\ZJU_Oil\mygui_docking\Project1\Project1\file\ReadFile.cpp(69,34): warning C4267: “参数”: 从“size_t”转换到“uint32_t”，可能丢失数据
C:\Users\mxnkilmt\Documents\GitHub\ZJU_Oil\mygui_docking\Project1\Project1\file\ReadFile.cpp(70,34): warning C4267: “参数”: 从“size_t”转换到“uint32_t”，可能丢失数据
C:\Users\mxnkilmt\Documents\GitHub\ZJU_Oil\mygui_docking\Project1\Project1\file\ReadFile.cpp(111,22): warning C4267: “参数”: 从“size_t”转换到“uint32_t”，可能丢失数据
C:\Users\mxnkilmt\Documents\GitHub\ZJU_Oil\mygui_docking\Project1\Project1\file\ReadFile.cpp(117,30): warning C4267: “参数”: 从“size_t”转换到“uint32_t”，可能丢失数据
C:\Users\mxnkilmt\Documents\GitHub\ZJU_Oil\mygui_docking\Project1\Project1\file\ReadFile.cpp(118,30): warning C4267: “参数”: 从“size_t”转换到“uint32_t”，可能丢失数据
C:\Users\mxnkilmt\Documents\GitHub\ZJU_Oil\mygui_docking\Project1\Project1\file\ReadFile.cpp(119,30): warning C4267: “参数”: 从“size_t”转换到“uint32_t”，可能丢失数据
C:\Users\mxnkilmt\Documents\GitHub\ZJU_Oil\mygui_docking\Project1\Project1\file\ReadFile.cpp(120,30): warning C4267: “参数”: 从“size_t”转换到“uint32_t”，可能丢失数据
C:\Users\mxnkilmt\Documents\GitHub\ZJU_Oil\mygui_docking\Project1\Project1\file\ReadFile.cpp(149,22): warning C4267: “参数”: 从“size_t”转换到“uint32_t”，可能丢失数据
C:\Users\mxnkilmt\Documents\GitHub\ZJU_Oil\mygui_docking\Project1\Project1\file\ReadFile.cpp(155,30): warning C4267: “参数”: 从“size_t”转换到“uint32_t”，可能丢失数据
C:\Users\mxnkilmt\Documents\GitHub\ZJU_Oil\mygui_docking\Project1\Project1\file\ReadFile.cpp(156,30): warning C4267: “参数”: 从“size_t”转换到“uint32_t”，可能丢失数据
C:\Users\mxnkilmt\Documents\GitHub\ZJU_Oil\mygui_docking\Project1\Project1\file\ReadFile.cpp(157,30): warning C4267: “参数”: 从“size_t”转换到“uint32_t”，可能丢失数据
C:\Users\mxnkilmt\Documents\GitHub\ZJU_Oil\mygui_docking\Project1\Project1\file\ReadFile.cpp(192,22): warning C4267: “参数”: 从“size_t”转换到“uint32_t”，可能丢失数据
C:\Users\mxnkilmt\Documents\GitHub\ZJU_Oil\mygui_docking\Project1\Project1\file\ReadFile.cpp(198,30): warning C4267: “参数”: 从“size_t”转换到“uint32_t”，可能丢失数据
C:\Users\mxnkilmt\Documents\GitHub\ZJU_Oil\mygui_docking\Project1\Project1\file\ReadFile.cpp(199,30): warning C4267: “参数”: 从“size_t”转换到“uint32_t”，可能丢失数据
C:\Users\mxnkilmt\Documents\GitHub\ZJU_Oil\mygui_docking\Project1\Project1\file\ReadFile.cpp(200,30): warning C4267: “参数”: 从“size_t”转换到“uint32_t”，可能丢失数据
C:\Users\mxnkilmt\Documents\GitHub\ZJU_Oil\mygui_docking\Project1\Project1\file\ReadFile.cpp(201,30): warning C4267: “参数”: 从“size_t”转换到“uint32_t”，可能丢失数据
C:\Users\mxnkilmt\Documents\GitHub\ZJU_Oil\mygui_docking\Project1\Project1\file\ReadFile.cpp(202,30): warning C4267: “参数”: 从“size_t”转换到“uint32_t”，可能丢失数据
C:\Users\mxnkilmt\Documents\GitHub\ZJU_Oil\mygui_docking\Project1\Project1\file\ReadFile.cpp(203,30): warning C4267: “参数”: 从“size_t”转换到“uint32_t”，可能丢失数据
C:\Users\mxnkilmt\Documents\GitHub\ZJU_Oil\mygui_docking\Project1\Project1\file\ReadFile.cpp(204,30): warning C4267: “参数”: 从“size_t”转换到“uint32_t”，可能丢失数据
C:\Users\mxnkilmt\Documents\GitHub\ZJU_Oil\mygui_docking\Project1\Project1\file\ReadFile.cpp(205,30): warning C4267: “参数”: 从“size_t”转换到“uint32_t”，可能丢失数据
C:\Users\mxnkilmt\Documents\GitHub\ZJU_Oil\mygui_docking\Project1\Project1\file\ReadFile.cpp(206,30): warning C4267: “参数”: 从“size_t”转换到“uint32_t”，可能丢失数据
C:\Users\mxnkilmt\Documents\GitHub\ZJU_Oil\mygui_docking\Project1\Project1\file\ReadFile.cpp(242,61): warning C4244: “参数”: 从“uint64_t”转换到“uint32_t”，可能丢失数据
C:\Users\mxnkilmt\Documents\GitHub\ZJU_Oil\mygui_docking\Project1\Project1\file\ReadFile.cpp(243,61): warning C4244: “参数”: 从“uint64_t”转换到“uint32_t”，可能丢失数据
C:\Users\mxnkilmt\Documents\GitHub\ZJU_Oil\mygui_docking\Project1\Project1\file\ReadFile.cpp(286,61): warning C4244: “参数”: 从“uint64_t”转换到“uint32_t”，可能丢失数据
  Plot3DWindow.cpp
C:\Users\mxnkilmt\Documents\GitHub\ZJU_Oil\mygui_docking\Project1\Project1\OpenXLSX\headers\XLCellValue.hpp(87,53): warning C4244: “return”: 从“int64_t”转换到“double”，可能丢失数据
  (编译源文件“ui/Plot3DWindow.cpp”)
  
C:\Users\mxnkilmt\Documents\GitHub\ZJU_Oil\mygui_docking\Project1\Project1\OpenXLSX\headers\XLSharedStrings.hpp(136,65): warning C4267: “return”: 从“size_t”转换到“int32_t”，可能丢失数据
  (编译源文件“ui/Plot3DWindow.cpp”)
  
C:\Users\mxnkilmt\Documents\GitHub\ZJU_Oil\mygui_docking\Project1\Project1\ui\Plot3DWindow.cpp(168,31): warning C4244: “初始化”: 从“int”转换到“float”，可能丢失数据
C:\Users\mxnkilmt\Documents\GitHub\ZJU_Oil\mygui_docking\Project1\Project1\ui\Plot3DWindow.cpp(430,30): warning C4244: “参数”: 从“double”转换到“_Ty”，可能丢失数据
C:\Users\mxnkilmt\Documents\GitHub\ZJU_Oil\mygui_docking\Project1\Project1\ui\Plot3DWindow.cpp(430,30): warning C4244:         with
C:\Users\mxnkilmt\Documents\GitHub\ZJU_Oil\mygui_docking\Project1\Project1\ui\Plot3DWindow.cpp(430,30): warning C4244:         [
C:\Users\mxnkilmt\Documents\GitHub\ZJU_Oil\mygui_docking\Project1\Project1\ui\Plot3DWindow.cpp(430,30): warning C4244:             _Ty=float
C:\Users\mxnkilmt\Documents\GitHub\ZJU_Oil\mygui_docking\Project1\Project1\ui\Plot3DWindow.cpp(430,30): warning C4244:         ]
C:\Users\mxnkilmt\Documents\GitHub\ZJU_Oil\mygui_docking\Project1\Project1\ui\Plot3DWindow.cpp(622,61): warning C4244: “参数”: 从“double”转换到“float”，可能丢失数据
C:\Users\mxnkilmt\Documents\GitHub\ZJU_Oil\mygui_docking\Project1\Project1\ui\Plot3DWindow.cpp(623,61): warning C4244: “参数”: 从“double”转换到“float”，可能丢失数据
C:\Users\mxnkilmt\Documents\GitHub\ZJU_Oil\mygui_docking\Project1\Project1\ui\Plot3DWindow.cpp(624,61): warning C4244: “参数”: 从“double”转换到“float”，可能丢失数据
C:\Users\mxnkilmt\Documents\GitHub\ZJU_Oil\mygui_docking\Project1\Project1\ui\Plot3DWindow.cpp(625,61): warning C4244: “参数”: 从“double”转换到“float”，可能丢失数据
C:\Users\mxnkilmt\Documents\GitHub\ZJU_Oil\mygui_docking\Project1\Project1\ui\Plot3DWindow.cpp(859,38): warning C4267: “参数”: 从“size_t”转换到“uint32_t”，可能丢失数据
C:\Users\mxnkilmt\Documents\GitHub\ZJU_Oil\mygui_docking\Project1\Project1\ui\Plot3DWindow.cpp(865,46): warning C4267: “参数”: 从“size_t”转换到“uint32_t”，可能丢失数据
C:\Users\mxnkilmt\Documents\GitHub\ZJU_Oil\mygui_docking\Project1\Project1\ui\Plot3DWindow.cpp(866,46): warning C4267: “参数”: 从“size_t”转换到“uint32_t”，可能丢失数据
C:\Users\mxnkilmt\Documents\GitHub\ZJU_Oil\mygui_docking\Project1\Project1\ui\Plot3DWindow.cpp(867,46): warning C4267: “参数”: 从“size_t”转换到“uint32_t”，可能丢失数据
C:\Users\mxnkilmt\Documents\GitHub\ZJU_Oil\mygui_docking\Project1\Project1\ui\Plot3DWindow.cpp(869,46): warning C4267: “参数”: 从“size_t”转换到“uint32_t”，可能丢失数据
C:\Users\mxnkilmt\Documents\GitHub\ZJU_Oil\mygui_docking\Project1\Project1\ui\Plot3DWindow.cpp(870,46): warning C4267: “参数”: 从“size_t”转换到“uint32_t”，可能丢失数据
C:\Users\mxnkilmt\Documents\GitHub\ZJU_Oil\mygui_docking\Project1\Project1\ui\Plot3DWindow.cpp(871,46): warning C4267: “参数”: 从“size_t”转换到“uint32_t”，可能丢失数据
C:\Users\mxnkilmt\Documents\GitHub\ZJU_Oil\mygui_docking\Project1\Project1\ui\Plot3DWindow.cpp(873,46): warning C4267: “参数”: 从“size_t”转换到“uint32_t”，可能丢失数据
C:\Users\mxnkilmt\Documents\GitHub\ZJU_Oil\mygui_docking\Project1\Project1\ui\Plot3DWindow.cpp(874,46): warning C4267: “参数”: 从“size_t”转换到“uint32_t”，可能丢失数据
C:\Users\mxnkilmt\Documents\GitHub\ZJU_Oil\mygui_docking\Project1\Project1\ui\Plot3DWindow.cpp(875,46): warning C4267: “参数”: 从“size_t”转换到“uint32_t”，可能丢失数据
C:\Users\mxnkilmt\Documents\GitHub\ZJU_Oil\mygui_docking\Project1\Project1\ui\Plot3DWindow.cpp(1126,38): warning C4267: “参数”: 从“size_t”转换到“uint32_t”，可能丢失数据
C:\Users\mxnkilmt\Documents\GitHub\ZJU_Oil\mygui_docking\Project1\Project1\ui\Plot3DWindow.cpp(1132,46): warning C4267: “参数”: 从“size_t”转换到“uint32_t”，可能丢失数据
C:\Users\mxnkilmt\Documents\GitHub\ZJU_Oil\mygui_docking\Project1\Project1\ui\Plot3DWindow.cpp(1133,46): warning C4267: “参数”: 从“size_t”转换到“uint32_t”，可能丢失数据
C:\Users\mxnkilmt\Documents\GitHub\ZJU_Oil\mygui_docking\Project1\Project1\ui\Plot3DWindow.cpp(1134,46): warning C4267: “参数”: 从“size_t”转换到“uint32_t”，可能丢失数据
C:\Program Files\Microsoft Visual Studio\2022\Community\VC\Tools\MSVC\14.42.34433\include\xutility(4710,18): warning C4244: “=”: 从“wchar_t”转换到“char”，可能丢失数据
  (编译源文件“ui/Plot3DWindow.cpp”)
      C:\Program Files\Microsoft Visual Studio\2022\Community\VC\Tools\MSVC\14.42.34433\include\xutility(4710,18):
      模板实例化上下文(最早的实例化上下文)为
          C:\Users\mxnkilmt\Documents\GitHub\ZJU_Oil\mygui_docking\Project1\Project1\ui\Plot3DWindow.cpp(665,44):
          查看对正在编译的函数 模板 实例化“std::basic_string<char,std::char_traits<char>,std::allocator<char>>::basic_string<std::_String_iterator<std::_String_val<std::_Simple_types<_Elem>>>,0>(_Iter,_Iter,const _Alloc &)”的引用
          with
          [
              _Elem=wchar_t,
              _Iter=std::_String_iterator<std::_String_val<std::_Simple_types<wchar_t>>>,
              _Alloc=std::allocator<char>
          ]
              C:\Users\mxnkilmt\Documents\GitHub\ZJU_Oil\mygui_docking\Project1\Project1\ui\Plot3DWindow.cpp(665,32):
              请参阅 "Application::listAvailableSerialPorts" 中对 "std::basic_string<char,std::char_traits<char>,std::allocator<char>>::basic_string" 的第一个引用
          C:\Program Files\Microsoft Visual Studio\2022\Community\VC\Tools\MSVC\14.42.34433\include\xstring(793,17):
          查看对正在编译的函数 模板 实例化“void std::basic_string<char,std::char_traits<char>,std::allocator<char>>::_Construct_from_iter<wchar_t*,wchar_t*,_Size_type>(_Iter,const _Sent,_Size)”的引用
          with
          [
              _Size_type=unsigned __int64,
              _Iter=wchar_t *,
              _Sent=wchar_t *,
              _Size=unsigned __int64
          ]
          C:\Program Files\Microsoft Visual Studio\2022\Community\VC\Tools\MSVC\14.42.34433\include\xstring(949,18):
          查看对正在编译的函数 模板 实例化“_OutIt *std::_Copy_n_unchecked4<wchar_t*,_Size,char*>(_InIt,_SizeTy,_OutIt)”的引用
          with
          [
              _OutIt=char *,
              _Size=unsigned __int64,
              _InIt=wchar_t *,
              _SizeTy=unsigned __int64
          ]
  
  sheetdata.cpp
  正在生成代码...
LINK : warning LNK4075: 忽略“/INCREMENTAL”(由于“/PROFILE”规范)
Data.obj : warning LNK4075: 忽略“/EDITANDCONTINUE”(由于“/OPT:REF”规范)
  Project1.vcxproj -> C:\Users\mxnkilmt\Documents\GitHub\ZJU_Oil\mygui_docking\Project1\x64\Debug\Project1.exe
  'pwsh.exe' 不是内部或外部命令，也不是可运行的程序
  或批处理文件。
