c:\users\mxnkilmt\documents\github\zju_oil\mygui_docking\project1\project1\x64\release\vc143.pdb
c:\users\mxnkilmt\documents\github\zju_oil\mygui_docking\project1\project1\x64\release\sheetdata.obj
c:\users\mxnkilmt\documents\github\zju_oil\mygui_docking\project1\project1\x64\release\plot3dwindow.obj
c:\users\mxnkilmt\documents\github\zju_oil\mygui_docking\project1\project1\x64\release\main.obj
c:\users\mxnkilmt\documents\github\zju_oil\mygui_docking\project1\project1\x64\release\data.obj
c:\users\mxnkilmt\documents\github\zju_oil\mygui_docking\project1\project1\x64\release\collectdata.obj
c:\users\mxnkilmt\documents\github\zju_oil\mygui_docking\project1\project1\x64\release\pugixml.obj
c:\users\mxnkilmt\documents\github\zju_oil\mygui_docking\project1\project1\x64\release\com.obj
c:\users\mxnkilmt\documents\github\zju_oil\mygui_docking\project1\project1\x64\release\readfile.obj
c:\users\mxnkilmt\documents\github\zju_oil\mygui_docking\project1\project1\x64\release\implot_items.obj
c:\users\mxnkilmt\documents\github\zju_oil\mygui_docking\project1\project1\x64\release\implot_demo.obj
c:\users\mxnkilmt\documents\github\zju_oil\mygui_docking\project1\project1\x64\release\implot.obj
c:\users\mxnkilmt\documents\github\zju_oil\mygui_docking\project1\project1\x64\release\implot3d_meshes.obj
c:\users\mxnkilmt\documents\github\zju_oil\mygui_docking\project1\project1\x64\release\implot3d_items.obj
c:\users\mxnkilmt\documents\github\zju_oil\mygui_docking\project1\project1\x64\release\implot3d_demo.obj
c:\users\mxnkilmt\documents\github\zju_oil\mygui_docking\project1\project1\x64\release\implot3d.obj
c:\users\mxnkilmt\documents\github\zju_oil\mygui_docking\project1\project1\x64\release\imgui_widgets.obj
c:\users\mxnkilmt\documents\github\zju_oil\mygui_docking\project1\project1\x64\release\imgui_tables.obj
c:\users\mxnkilmt\documents\github\zju_oil\mygui_docking\project1\project1\x64\release\imgui_impl_win32.obj
c:\users\mxnkilmt\documents\github\zju_oil\mygui_docking\project1\project1\x64\release\imgui_impl_opengl3.obj
c:\users\mxnkilmt\documents\github\zju_oil\mygui_docking\project1\project1\x64\release\imgui_draw.obj
c:\users\mxnkilmt\documents\github\zju_oil\mygui_docking\project1\project1\x64\release\imgui_demo.obj
c:\users\mxnkilmt\documents\github\zju_oil\mygui_docking\project1\project1\x64\release\imgui.obj
c:\users\mxnkilmt\documents\github\zju_oil\mygui_docking\project1\project1\x64\release\emafilter.obj
c:\users\mxnkilmt\documents\github\zju_oil\mygui_docking\project1\project1\x64\release\amtparser.obj
c:\users\mxnkilmt\documents\github\zju_oil\mygui_docking\project1\project1\x64\release\xlrowdata.obj
c:\users\mxnkilmt\documents\github\zju_oil\mygui_docking\project1\project1\x64\release\xlrow.obj
c:\users\mxnkilmt\documents\github\zju_oil\mygui_docking\project1\project1\x64\release\xlrelationships.obj
c:\users\mxnkilmt\documents\github\zju_oil\mygui_docking\project1\project1\x64\release\xlproperties.obj
c:\users\mxnkilmt\documents\github\zju_oil\mygui_docking\project1\project1\x64\release\xlmergecells.obj
c:\users\mxnkilmt\documents\github\zju_oil\mygui_docking\project1\project1\x64\release\xlformula.obj
c:\users\mxnkilmt\documents\github\zju_oil\mygui_docking\project1\project1\x64\release\xldrawing.obj
c:\users\mxnkilmt\documents\github\zju_oil\mygui_docking\project1\project1\x64\release\xldocument.obj
c:\users\mxnkilmt\documents\github\zju_oil\mygui_docking\project1\project1\x64\release\xldatetime.obj
c:\users\mxnkilmt\documents\github\zju_oil\mygui_docking\project1\project1\x64\release\xlcontenttypes.obj
c:\users\mxnkilmt\documents\github\zju_oil\mygui_docking\project1\project1\x64\release\xlcomments.obj
c:\users\mxnkilmt\documents\github\zju_oil\mygui_docking\project1\project1\x64\release\xlcolumn.obj
c:\users\mxnkilmt\documents\github\zju_oil\mygui_docking\project1\project1\x64\release\xlcolor.obj
c:\users\mxnkilmt\documents\github\zju_oil\mygui_docking\project1\project1\x64\release\xlcellvalue.obj
c:\users\mxnkilmt\documents\github\zju_oil\mygui_docking\project1\project1\x64\release\xlcellreference.obj
c:\users\mxnkilmt\documents\github\zju_oil\mygui_docking\project1\project1\x64\release\xlcellrange.obj
c:\users\mxnkilmt\documents\github\zju_oil\mygui_docking\project1\project1\x64\release\xlcelliterator.obj
c:\users\mxnkilmt\documents\github\zju_oil\mygui_docking\project1\project1\x64\release\xlcell.obj
c:\users\mxnkilmt\documents\github\zju_oil\mygui_docking\project1\project1\x64\release\bsqjnparser.obj
c:\users\mxnkilmt\documents\github\zju_oil\mygui_docking\project1\project1\x64\release\fibergratinganalyzerui.obj
c:\users\mxnkilmt\documents\github\zju_oil\mygui_docking\project1\project1\x64\release\fibergratinganalyzer.obj
c:\users\mxnkilmt\documents\github\zju_oil\mygui_docking\project1\project1\x64\release\csvdatalogger.obj
c:\users\mxnkilmt\documents\github\zju_oil\mygui_docking\project1\project1\x64\release\xlziparchive.obj
c:\users\mxnkilmt\documents\github\zju_oil\mygui_docking\project1\project1\x64\release\xlxmlparser.obj
c:\users\mxnkilmt\documents\github\zju_oil\mygui_docking\project1\project1\x64\release\xlxmlfile.obj
c:\users\mxnkilmt\documents\github\zju_oil\mygui_docking\project1\project1\x64\release\xlxmldata.obj
c:\users\mxnkilmt\documents\github\zju_oil\mygui_docking\project1\project1\x64\release\xlworkbook.obj
c:\users\mxnkilmt\documents\github\zju_oil\mygui_docking\project1\project1\x64\release\xltables.obj
c:\users\mxnkilmt\documents\github\zju_oil\mygui_docking\project1\project1\x64\release\xlstyles.obj
c:\users\mxnkilmt\documents\github\zju_oil\mygui_docking\project1\project1\x64\release\xlsheet.obj
c:\users\mxnkilmt\documents\github\zju_oil\mygui_docking\project1\project1\x64\release\xlsharedstrings.obj
c:\users\mxnkilmt\documents\github\zju_oil\mygui_docking\project1\project1\x64\release\wit_c_sdk.obj
c:\users\mxnkilmt\documents\github\zju_oil\mygui_docking\project1\x64\release\project1.exe
c:\users\mxnkilmt\documents\github\zju_oil\mygui_docking\project1\x64\release\project1.pdb
c:\users\mxnkilmt\documents\github\zju_oil\mygui_docking\project1\project1\x64\release\project1.ipdb
c:\users\mxnkilmt\documents\github\zju_oil\mygui_docking\project1\project1\x64\release\project1.iobj
c:\users\mxnkilmt\documents\github\zju_oil\mygui_docking\project1\project1\x64\release\project1.tlog\cl.command.1.tlog
c:\users\mxnkilmt\documents\github\zju_oil\mygui_docking\project1\project1\x64\release\project1.tlog\cl.items.tlog
c:\users\mxnkilmt\documents\github\zju_oil\mygui_docking\project1\project1\x64\release\project1.tlog\cl.read.1.tlog
c:\users\mxnkilmt\documents\github\zju_oil\mygui_docking\project1\project1\x64\release\project1.tlog\cl.write.1.tlog
c:\users\mxnkilmt\documents\github\zju_oil\mygui_docking\project1\project1\x64\release\project1.tlog\link.command.1.tlog
c:\users\mxnkilmt\documents\github\zju_oil\mygui_docking\project1\project1\x64\release\project1.tlog\link.read.1.tlog
c:\users\mxnkilmt\documents\github\zju_oil\mygui_docking\project1\project1\x64\release\project1.tlog\link.secondary.1.tlog
c:\users\mxnkilmt\documents\github\zju_oil\mygui_docking\project1\project1\x64\release\project1.tlog\link.write.1.tlog
